bsmilp01 ShanHeiSun-Light-01 <bsmilp01.pfb
bsmilp02 ShanHeiSun-Light-02 <bsmilp02.pfb
bsmilp03 ShanHeiSun-Light-03 <bsmilp03.pfb
bsmilp04 ShanHeiSun-Light-04 <bsmilp04.pfb
bsmilp05 ShanHeiSun-Light-05 <bsmilp05.pfb
bsmilp06 ShanHeiSun-Light-06 <bsmilp06.pfb
bsmilp07 ShanHeiSun-Light-07 <bsmilp07.pfb
bsmilp08 ShanHeiSun-Light-08 <bsmilp08.pfb
bsmilp09 ShanHeiSun-Light-09 <bsmilp09.pfb
bsmilp10 ShanHeiSun-Light-10 <bsmilp10.pfb
bsmilp11 ShanHeiSun-Light-11 <bsmilp11.pfb
bsmilp12 ShanHeiSun-Light-12 <bsmilp12.pfb
bsmilp13 ShanHeiSun-Light-13 <bsmilp13.pfb
bsmilp14 ShanHeiSun-Light-14 <bsmilp14.pfb
bsmilp15 ShanHeiSun-Light-15 <bsmilp15.pfb
bsmilp16 ShanHeiSun-Light-16 <bsmilp16.pfb
bsmilp17 ShanHeiSun-Light-17 <bsmilp17.pfb
bsmilp18 ShanHeiSun-Light-18 <bsmilp18.pfb
bsmilp19 ShanHeiSun-Light-19 <bsmilp19.pfb
bsmilp20 ShanHeiSun-Light-20 <bsmilp20.pfb
bsmilp21 ShanHeiSun-Light-21 <bsmilp21.pfb
bsmilp22 ShanHeiSun-Light-22 <bsmilp22.pfb
bsmilp23 ShanHeiSun-Light-23 <bsmilp23.pfb
bsmilp24 ShanHeiSun-Light-24 <bsmilp24.pfb
bsmilp25 ShanHeiSun-Light-25 <bsmilp25.pfb
bsmilp26 ShanHeiSun-Light-26 <bsmilp26.pfb
bsmilp27 ShanHeiSun-Light-27 <bsmilp27.pfb
bsmilp28 ShanHeiSun-Light-28 <bsmilp28.pfb
bsmilp29 ShanHeiSun-Light-29 <bsmilp29.pfb
bsmilp30 ShanHeiSun-Light-30 <bsmilp30.pfb
bsmilp31 ShanHeiSun-Light-31 <bsmilp31.pfb
bsmilp32 ShanHeiSun-Light-32 <bsmilp32.pfb
bsmilp33 ShanHeiSun-Light-33 <bsmilp33.pfb
bsmilp34 ShanHeiSun-Light-34 <bsmilp34.pfb
bsmilp35 ShanHeiSun-Light-35 <bsmilp35.pfb
bsmilp36 ShanHeiSun-Light-36 <bsmilp36.pfb
bsmilp37 ShanHeiSun-Light-37 <bsmilp37.pfb
bsmilp38 ShanHeiSun-Light-38 <bsmilp38.pfb
bsmilp39 ShanHeiSun-Light-39 <bsmilp39.pfb
bsmilp40 ShanHeiSun-Light-40 <bsmilp40.pfb
bsmilp41 ShanHeiSun-Light-41 <bsmilp41.pfb
bsmilp42 ShanHeiSun-Light-42 <bsmilp42.pfb
bsmilp43 ShanHeiSun-Light-43 <bsmilp43.pfb
bsmilp44 ShanHeiSun-Light-44 <bsmilp44.pfb
bsmilp45 ShanHeiSun-Light-45 <bsmilp45.pfb
bsmilp46 ShanHeiSun-Light-46 <bsmilp46.pfb
bsmilp47 ShanHeiSun-Light-47 <bsmilp47.pfb
bsmilp48 ShanHeiSun-Light-48 <bsmilp48.pfb
bsmilp49 ShanHeiSun-Light-49 <bsmilp49.pfb
bsmilp50 ShanHeiSun-Light-50 <bsmilp50.pfb
bsmilp51 ShanHeiSun-Light-51 <bsmilp51.pfb
bsmilp52 ShanHeiSun-Light-52 <bsmilp52.pfb
bsmilp53 ShanHeiSun-Light-53 <bsmilp53.pfb
bsmilp54 ShanHeiSun-Light-54 <bsmilp54.pfb
bsmilp55 ShanHeiSun-Light-55 <bsmilp55.pfb
bsmilpv ShanHeiSun-Light-Vert <bsmilpv.pfb
