gbsnlp01 BousungEG-Light-GB-01 <gbsnlp01.pfb
gbsnlp02 BousungEG-Light-GB-02 <gbsnlp02.pfb
gbsnlp03 BousungEG-Light-GB-03 <gbsnlp03.pfb
gbsnlp04 BousungEG-Light-GB-04 <gbsnlp04.pfb
gbsnlp05 BousungEG-Light-GB-05 <gbsnlp05.pfb
gbsnlp06 BousungEG-Light-GB-06 <gbsnlp06.pfb
gbsnlp07 BousungEG-Light-GB-07 <gbsnlp07.pfb
gbsnlp08 BousungEG-Light-GB-08 <gbsnlp08.pfb
gbsnlp09 BousungEG-Light-GB-09 <gbsnlp09.pfb
gbsnlp10 BousungEG-Light-GB-10 <gbsnlp10.pfb
gbsnlp11 BousungEG-Light-GB-11 <gbsnlp11.pfb
gbsnlp12 BousungEG-Light-GB-12 <gbsnlp12.pfb
gbsnlp13 BousungEG-Light-GB-13 <gbsnlp13.pfb
gbsnlp14 BousungEG-Light-GB-14 <gbsnlp14.pfb
gbsnlp15 BousungEG-Light-GB-15 <gbsnlp15.pfb
gbsnlp16 BousungEG-Light-GB-16 <gbsnlp16.pfb
gbsnlp17 BousungEG-Light-GB-17 <gbsnlp17.pfb
gbsnlp18 BousungEG-Light-GB-18 <gbsnlp18.pfb
gbsnlp19 BousungEG-Light-GB-19 <gbsnlp19.pfb
gbsnlp20 BousungEG-Light-GB-20 <gbsnlp20.pfb
gbsnlp21 BousungEG-Light-GB-21 <gbsnlp21.pfb
gbsnlp22 BousungEG-Light-GB-22 <gbsnlp22.pfb
gbsnlp23 BousungEG-Light-GB-23 <gbsnlp23.pfb
gbsnlp24 BousungEG-Light-GB-24 <gbsnlp24.pfb
gbsnlp25 BousungEG-Light-GB-25 <gbsnlp25.pfb
gbsnlp26 BousungEG-Light-GB-26 <gbsnlp26.pfb
gbsnlp27 BousungEG-Light-GB-27 <gbsnlp27.pfb
gbsnlp28 BousungEG-Light-GB-28 <gbsnlp28.pfb
gbsnlp29 BousungEG-Light-GB-29 <gbsnlp29.pfb
gbsnlp30 BousungEG-Light-GB-30 <gbsnlp30.pfb
gbsnlp31 BousungEG-Light-GB-31 <gbsnlp31.pfb
gbsnlp32 BousungEG-Light-GB-32 <gbsnlp32.pfb
